[Smartgentrade.com/index.html]
[backblue.gif]
[fade.gif]
[index.html]
[Smartgentrade.com/images/Smartgentrade-seo-image.png]
[Smartgentrade.com/images/favicon.png]
[Smartgentrade.com/css/bootstrap.min.css]
[Smartgentrade.com/css/slicknav.min.css]
[Smartgentrade.com/css/swiper-bundle.min.css]
[Smartgentrade.com/css/all.min.css]
[Smartgentrade.com/css/animate.css]
[Smartgentrade.com/css/magnific-popup.css]
[Smartgentrade.com/css/custom.css]
[translate.google.com/translate_a/elementa0d8.js]
[Smartgentrade.com/index.html]
[Smartgentrade.com/images/Smartgentrade-logo-light.png]
[Smartgentrade.com/why_Smartgentrade.html]
[Smartgentrade.com/careers.html]
[Smartgentrade.com/affiliate.html]
[Smartgentrade.com/insurance.html]
[Smartgentrade.com/credit-spread.html]
[Smartgentrade.com/trading-services.html]
[Smartgentrade.com/trading-signal.html]
[Smartgentrade.com/copytrading.html]
[Smartgentrade.com/master.html]
[Smartgentrade.com/forex-cfds.html]
[Smartgentrade.com/commodities.html]
[Smartgentrade.com/indices-cfd.html]
[Smartgentrade.com/real-stocks.html]
[Smartgentrade.com/futures.html]
[Smartgentrade.com/cryptocurrencies.html]
[Smartgentrade.com/promotion.html]
[Smartgentrade.com/register.html]
[Smartgentrade.com/login.html]
[s3.tradingview.com/external-embedding/embed-widget-ticker-tape.js]
[Smartgentrade.com/images/Smartgentrade-tradings.mp4]
[Smartgentrade.com/images/icon-ticker-cr2.png]
[Smartgentrade.com/images/icon-ticker-r1.png]
[Smartgentrade.com/images/icon-ticker-i6.png]
[Smartgentrade.com/images/icon-ticker-fx4.png]
[Smartgentrade.com/images/icon-ticker-cr6.png]
[Smartgentrade.com/images/icon-ticker-snapchat.png]
[Smartgentrade.com/images/icon-ticker-r6.png]
[Smartgentrade.com/images/icon-ticker-facebook.png]
[Smartgentrade.com/images/icon-ticker-i4.png]
[Smartgentrade.com/images/icon-ticker-i11.png]
[Smartgentrade.com/images/icon-ticker-i10.png]
[Smartgentrade.com/images/icon-ticker-i13.png]
[Smartgentrade.com/images/icon-ticker-googles.png]
[Smartgentrade.com/images/icon-ticker-apple.png]
[Smartgentrade.com/images/icon-ticker-spotify.png]
[Smartgentrade.com/images/icon-ticker-i1.png]
[Smartgentrade.com/images/icon-ticker-r3.png]
[Smartgentrade.com/images/icon-ticker-fx3.png]
[Smartgentrade.com/images/icon-ticker-c8.png]
[Smartgentrade.com/images/icon-ticker-r7.png]
[Smartgentrade.com/images/icon-ticker-i8.png]
[Smartgentrade.com/images/icon-ticker-i9.png]
[Smartgentrade.com/images/Smartgentrade-image-stock.jpg]
[Smartgentrade.com/images/icon-how-it-work-1.png]
[Smartgentrade.com/images/icon-how-it-work-2.png]
[Smartgentrade.com/images/icon-how-it-work-3.png]
[Smartgentrade.com/images/Smartgentrade.mp4]
[Smartgentrade.com/images/icon-incentives-1.png]
[Smartgentrade.com/images/icon-growth-1.png]
[Smartgentrade.com/images/easy-use-dashboard.png]
[Smartgentrade.com/images/icon-community.png]
[Smartgentrade.com/images/Smartgentrade-trading.mp4]
[Smartgentrade.com/images/play_720p (3).mp4]
[Smartgentrade.com/images/verify.mp4]
[Smartgentrade.com/images/fund.mp4]
[Smartgentrade.com/images/trade.mp4]
[Smartgentrade.com/images/play_720p (7).mp4]
[Smartgentrade.com/images/socials.png]
[Smartgentrade.com/images/reliable.png]
[Smartgentrade.com/images/secured.png]
[Smartgentrade.com/images/mastercard.png]
[Smartgentrade.com/images/visa.png]
[Smartgentrade.com/images/paypal.png]
[Smartgentrade.com/images/binancepay.png]
[Smartgentrade.com/images/moonpay.png]
[Smartgentrade.com/images/skrill.png]
[Smartgentrade.com/images/img1-desk.webp]
[www.smartsuppchat.com/loaderd41d.js]
[Smartgentrade.com/“https_/www.smartsupp.com”]
[Smartgentrade.com/master-rating.html]
[cdn.jsdelivr.net/npm/bootstrap@5.3.0-alpha1/dist/js/bootstrap.bundle.min.js]
[Smartgentrade.com/js/jquery-3.7.1.min.js]
[Smartgentrade.com/js/bootstrap.min.js]
[Smartgentrade.com/js/validator.min.js]
[Smartgentrade.com/js/jquery.slicknav.js]
[Smartgentrade.com/js/swiper-bundle.min.js]
[Smartgentrade.com/js/jquery.waypoints.min.js]
[Smartgentrade.com/js/jquery.counterup.min.js]
[Smartgentrade.com/js/jquery.magnific-popup.min.js]
[Smartgentrade.com/js/SmoothScroll.js]
[Smartgentrade.com/index.html]
[Smartgentrade.com/css/bootstrap.min.css]
[Smartgentrade.com/css/slicknav.min.css]
[Smartgentrade.com/css/swiper-bundle.min.css]
[Smartgentrade.com/css/all.min.css]
[Smartgentrade.com/css/animate.css]
[Smartgentrade.com/css/magnific-popup.css]
[Smartgentrade.com/images/bg-hero_newg.png]
[Smartgentrade.com/images/Smartgentrade-hero-image.jpg]
[Smartgentrade.com/css/custom.css]
[Smartgentrade.com/index.html]
[Smartgentrade.com/why_Smartgentrade.html]
[Smartgentrade.com/careers.html]
[Smartgentrade.com/affiliate.html]
[Smartgentrade.com/insurance.html]
[Smartgentrade.com/credit-spread.html]
[Smartgentrade.com/setrading-services]
[Smartgentrade.com/trading-services.html]
[Smartgentrade.com/trading-signal.html]
[Smartgentrade.com/copytrading.html]
[Smartgentrade.com/master.html]
[s3.tradingview.com/external-embedding/embed-widget-market-overview.js]
[Smartgentrade.com/forex-cfds.html]
[Smartgentrade.com/commodities.html]
[Smartgentrade.com/indices-cfd.html]
[s3.tradingview.com/external-embedding/embed-widget-hotlists.js]
[Smartgentrade.com/real-stocks.html]
[Smartgentrade.com/futures.html]
[Smartgentrade.com/cryptocurrencies.html]
[s3.tradingview.com/external-embedding/embed-widget-screener.js]
[Smartgentrade.com/promotion.html]
[Smartgentrade.com/style.css]
[Smartgentrade.com/register.html]
[Smartgentrade.com/login.html]
[Smartgentrade.com/“https_/www.smartsupp.html]
[cdn.jsdelivr.net/npm/bootstrap@5.3.0-alpha1/dist/css/bootstrap.min.css]
[Smartgentrade.com/master-rating.html]
[Smartgentrade.com/js/jquery-3.7.1.min.js]
[Smartgentrade.com/js/bootstrap.min.js]
[Smartgentrade.com/js/validator.min.js]
[Smartgentrade.com/js/jquery.slicknav.js]
[Smartgentrade.com/Version/index.html]
[Smartgentrade.com/e.107.delayed]
[Smartgentrade.com/t.params.url]
[Smartgentrade.com/js/swiper-bundle.min.js]
[Smartgentrade.com/js/jquery.waypoints.min.js]
[Smartgentrade.com/js/jquery.counterup.min.js]
[Smartgentrade.com/js/jquery.magnific-popup.min.js]
[Smartgentrade.com/js/SmoothScroll.js]
[Smartgentrade.com/js/parallaxie.html]
[Smartgentrade.com/js/gsap.min.html]
[Smartgentrade.com/js/magiccursor.html]
[Smartgentrade.com/js/splitType.html]
[Smartgentrade.com/js/ScrollTrigger.min.html]
[Smartgentrade.com/js/jquery.mb.YTPlayer.min.html]
[Smartgentrade.com/js/wow.html]
[Smartgentrade.com/js/function.html]
[Smartgentrade.com/webfonts/fa-brands-400.html]
[Smartgentrade.com/webfonts/fa-brands-401.html]
[Smartgentrade.com/webfonts/fa-regular-400.html]
[Smartgentrade.com/webfonts/fa-regular-401.html]
[Smartgentrade.com/webfonts/fa-solid-900.html]
[Smartgentrade.com/webfonts/fa-solid-901.html]
[Smartgentrade.com/webfonts/fa-v4compatibility.html]
[Smartgentrade.com/webfonts/fa-v4compatibility-2.html]
[Smartgentrade.com/images/bg-hero_newg.html]
[Smartgentrade.com/images/icon-left.html]
[Smartgentrade.com/images/icon-right.html]
[Smartgentrade.com/images/icon-checkbox.html]
[Smartgentrade.com/images/download-app-item-bg.html]
[Smartgentrade.com/images/crypto-calculator-bg.html]
[Smartgentrade.com/images/icon-down-arrow.html]
[Smartgentrade.com/images/testimonial-2.html]
[Smartgentrade.com/images/Smartgentrade-hero-image.html]
[Smartgentrade.com/images/icon-double-quotes-1.html]
[Smartgentrade.com/images/icon-double-quotes-2.html]
[Smartgentrade.com/images/Smartgentrade-all.html]
[Smartgentrade.com/images/Smartgentrade-image-stock.html]
[Smartgentrade.com/images/Smartgentrade-copy-trade-icon.html]
[Smartgentrade.com/images/Smartgentrade-manager-icon.html]
[Smartgentrade.com/images/icon-top.html]
[Smartgentrade.com/images/Smartgentrade-real-order-execution-icon.html]
[Smartgentrade.com/images/Smartgentrade-friendly-mobile-view-icon.html]
[Smartgentrade.com/images/Smartgentrade-daily-news-icon.html]
[Smartgentrade.com/images/Smartgentrade-trade.html]
[Smartgentrade.com/images/icon-passion.html]
[Smartgentrade.com/images/icon-humility-2.html]
[Smartgentrade.com/images/icon-sustainable.html]
[Smartgentrade.com/images/Smartgentrade-strive-image.html]
[Smartgentrade.com/images/icon-medical.html]
[Smartgentrade.com/images/icon-friendly-office.html]
[Smartgentrade.com/images/icon-family-care-1.html]
[Smartgentrade.com/images/quivox-trade-employee.html]
[Smartgentrade.com/images/Smartgentrade-working.html]
[Smartgentrade.com/images/quivox-trade-partnership.html]
[Smartgentrade.com/images/icon-affiliate.html]
[Smartgentrade.com/images/icon-stats.html]
[Smartgentrade.com/images/icon-manager.html]
[Smartgentrade.com/images/icon-programs.html]
[Smartgentrade.com/images/icon-pay.html]
[Smartgentrade.com/images/icon-local.html]
[Smartgentrade.com/images/get-link-icon.html]
[Smartgentrade.com/images/get-clicks-icon.html]
[Smartgentrade.com/images/get-profits-icon.html]
[Smartgentrade.com/images/Smartgentrade-insurance.html]
[Smartgentrade.com/credit-spread/index.html]
[Smartgentrade.com/images/Smartgentrade-hero-image-retirement.html]
[Smartgentrade.com/credit-spread/signup-credit-spread.html]
[Smartgentrade.com/credit-spread/credit-spread-singin.html]
[Smartgentrade.com/images/Smartgentrade-income.html]
[Smartgentrade.com/images/Smartgentrade-capped-lisk.html]
[Smartgentrade.com/images/Smartgentrade-time-advantage.html]
[Smartgentrade.com/images/Smartgentrade-win-win-strategy.html]
[Smartgentrade.com/credit-spread/signup-credit-spread-2.html]
[Smartgentrade.com/images/Smartgentrade-reliable-income.html]
[Smartgentrade.com/images/Smartgentrade-stocks.html]
[Smartgentrade.com/images/Smartgentrade-retirement.html]
[Smartgentrade.com/images/Smartgentrade-combine-strategy.html]
[Smartgentrade.com/images/Smartgentrade-automaated-recommendation.html]
[Smartgentrade.com/images/Smartgentrade-risk-management.html]
[Smartgentrade.com/images/Smartgentrade-education.html]
[Smartgentrade.com/images/Smartgentrade-retirment.html]
[Smartgentrade.com/setrading-services.html]
[Smartgentrade.com/images/Smartgentrade-mt-4.html]
[Smartgentrade.com/images/Smartgentrade-advance-trading-tools.html]
[Smartgentrade.com/images/icon-copy.html]
[Smartgentrade.com/images/Smartgentrade-mirror-trade.html]
[Smartgentrade.com/images/set-up-copys.html]
[Smartgentrade.com/images/monitor.html]
[Smartgentrade.com/images/no-forex-experiencw.html]
[Smartgentrade.com/images/gain-insight.html]
[Smartgentrade.com/images/diversify-portfolio.html]
[Smartgentrade.com/images/fast-trade-execution.html]
[Smartgentrade.com/images/total-control.html]
[Smartgentrade.com/images/set-it-running.html]
[Smartgentrade.com/images/invest-withdraw.html]
[Smartgentrade.com/images/quivox-trade-benefit.html]
[Smartgentrade.com/images/master.html]
[Smartgentrade.com/images/master-create-account.html]
[Smartgentrade.com/images/setup-account.html]
[Smartgentrade.com/images/gain.html]
[Smartgentrade.com/images/diversify.html]
[Smartgentrade.com/images/tracking-wallet.html]
[Smartgentrade.com/images/deposit-icon.html]
[Smartgentrade.com/images/device.html]
[Smartgentrade.com/images/icon-ticker-fx2.html]
[Smartgentrade.com/images/icon-ticker-fx5.html]
[Smartgentrade.com/images/icon-ticker-fx6.html]
[Smartgentrade.com/images/icon-ticker-fx7.html]
[Smartgentrade.com/images/icon-ticker-fx1.html]
[Smartgentrade.com/images/trade-strat-iq-forex.html]
[Smartgentrade.com/images/icon-1.html]
[Smartgentrade.com/images/icon-2.html]
[Smartgentrade.com/images/icon-3.html]
[Smartgentrade.com/images/icon-4.html]
[Smartgentrade.com/images/icon-5.html]
[Smartgentrade.com/images/icon-6.html]
[Smartgentrade.com/images/icon-ticker-c1.html]
[Smartgentrade.com/images/icon-ticker-c2.html]
[Smartgentrade.com/images/icon-ticker-c3.html]
[Smartgentrade.com/images/icon-ticker-c4.html]
[Smartgentrade.com/images/icon-ticker-c5.html]
[Smartgentrade.com/images/icon-ticker-c6.html]
[Smartgentrade.com/images/icon-ticker-c7.html]
[Smartgentrade.com/images/icon-ticker-c9.html]
[Smartgentrade.com/images/commodities.html]
[Smartgentrade.com/images/icon-ticker-i2.html]
[Smartgentrade.com/images/icon-ticker-i5.html]
[Smartgentrade.com/images/icon-ticker-i7.html]
[Smartgentrade.com/images/icon-ticker-i12.html]
[Smartgentrade.com/images/indices.html]
[Smartgentrade.com/images/icon-ticker-r2.html]
[Smartgentrade.com/images/icon-ticker-r4.html]
[Smartgentrade.com/images/icon-ticker-r5.html]
[Smartgentrade.com/images/icon-ticker-r8.html]
[Smartgentrade.com/images/icon-ticker-r9.html]
[Smartgentrade.com/images/icon-ticker-r11.html]
[Smartgentrade.com/images/icon-ticker-r10.html]
[Smartgentrade.com/images/icon-ticker-r12.html]
[Smartgentrade.com/images/icon-ticker-r14.html]
[Smartgentrade.com/images/icon-ticker-r13.html]
[Smartgentrade.com/images/mobile-img-1.html]
[Smartgentrade.com/images/mobile-img-2.html]
[Smartgentrade.com/images/real-stocks.html]
[Smartgentrade.com/images/Smartgentrade-market.html]
[Smartgentrade.com/images/futures.html]
[Smartgentrade.com/images/video1.html]
[Smartgentrade.com/images/icon-ticker-cr1.html]
[Smartgentrade.com/images/icon-ticker-cr3.html]
[Smartgentrade.com/images/icon-ticker-cr4.html]
[Smartgentrade.com/images/icon-ticker-cr5.html]
[Smartgentrade.com/images/icon-ticker-cr7.html]
[Smartgentrade.com/images/icon-ticker-cr8.html]
[Smartgentrade.com/images/icon-ticker-cr9.html]
[Smartgentrade.com/images/icon-ticker-cr11.html]
[Smartgentrade.com/images/icon-ticker-cr10.html]
[Smartgentrade.com/images/icon-ticker-cr12.html]
[Smartgentrade.com/images/crypto.html]
[Smartgentrade.com/images/macbook-pro-4.html]
[Smartgentrade.com/images/iphone16.html]
[Smartgentrade.com/images/samsung.html]
[Smartgentrade.com/images/iphone16-quivox-trade-promotion.html]
[Smartgentrade.com/style.html]
[Smartgentrade.com/users/signup-organization.html]
[Smartgentrade.com/img/organization.html]
[Smartgentrade.com/users/signup-individual.html]
[Smartgentrade.com/img/individual.html]
[Smartgentrade.com/users/organization-signin.html]
[Smartgentrade.com/users/individual-singin.html]
[cdn.jsdelivr.net/npm/bootstrap@5.3.0-alpha1/dist/css/bootstrap.min.css]
[Smartgentrade.com/images/newyorktimes.html]
[Smartgentrade.com/images/jacklarkin.html]
[Smartgentrade.com/images/noah.html]
[Smartgentrade.com/images/noahj.html]
[Smartgentrade.com/images/blackdaimond.html]
[Smartgentrade.com/Version/index.html]
[Smartgentrade.com/e.html]
[Smartgentrade.com/t.params.html]
